// Jest Snapshot v1, https://goo.gl/fbAQLP

exports[`snapshot test 1`] = `
<div>
  <div>
    Select a bookmark
  </div>
  <div>
    <div>
      <div
        slot="message"
      >
        to get more information
      </div>
    </div>
  </div>
</div>
`;
